// Jest Snapshot v1, https://goo.gl/fbAQLP

exports[`recipe-machine stores created/changed/deleted as part of the plan after applying 1`] = `
Object {
  "content": "#yo",
  "path": "./hi.md",
}
`;

exports[`recipe-machine stores created/changed/deleted resources on the context after applying plan 1`] = `undefined`;
